Parsed test spec with 3 sessions

starting permutation: c_verify_checksums_off w_insert100k r_seqread c_enable_checksums c_wait_for_checksums c_verify_checksums_on
step c_verify_checksums_off: SELECT setting = 'off' FROM pg_catalog.pg_settings WHERE name = 'data_checksums';
?column?       

t              
step w_insert100k: SELECT insert_1k(100);
insert_1k      

t              
step r_seqread: SELECT * FROM reader_loop();
reader_loop    

t              
step c_enable_checksums: SELECT pg_enable_data_checksums();
pg_enable_data_checksums

               
step c_wait_for_checksums: SELECT test_checksums_on();
test_checksums_on

t              
step c_verify_checksums_on: SELECT setting = 'on' FROM pg_catalog.pg_settings WHERE name = 'data_checksums';
?column?       

t              
