Parsed test spec with 2 sessions

starting permutation: c_verify_checksums_off r_seqread c_enable_checksums c_verify_checksums_inprogress c_disable_checksums c_wait_checksums_off
step c_verify_checksums_off: SELECT setting = 'off' FROM pg_catalog.pg_settings WHERE name = 'data_checksums';
?column?       

t              
step r_seqread: SELECT * FROM reader_loop();
reader_loop    

t              
step c_enable_checksums: SELECT pg_enable_data_checksums(1000);
pg_enable_data_checksums

               
step c_verify_checksums_inprogress: SELECT setting = 'inprogress' FROM pg_catalog.pg_settings WHERE name = 'data_checksums';
?column?       

t              
step c_disable_checksums: SELECT pg_disable_data_checksums();
pg_disable_data_checksums

               
step c_wait_checksums_off: SELECT test_checksums_off();
test_checksums_off

t              
