-- predictability
SET synchronous_commit = on;
SELECT 'init' FROM pg_create_logical_replication_slot('regression_slot_stats', 'test_decoding');
 ?column? 
----------
 init
(1 row)

CREATE TABLE stats_test(data text);
-- non-spilled xact
SET logical_decoding_work_mem to '64MB';
INSERT INTO stats_test values(1);
SELECT count(*) FROM pg_logical_slot_get_changes('regression_slot_stats', NULL, NULL, 'skip-empty-xacts', '1');
 count 
-------
     3
(1 row)

SELECT pg_stat_force_next_flush();
 pg_stat_force_next_flush 
--------------------------
 
(1 row)

SELECT slot_name, spill_txns = 0 AS spill_txns, spill_count = 0 AS spill_count, total_txns > 0 AS total_txns, total_bytes > 0 AS total_bytes FROM pg_stat_replication_slots;
       slot_name       | spill_txns | spill_count | total_txns | total_bytes 
-----------------------+------------+-------------+------------+-------------
 regression_slot_stats | t          | t           | t          | t
(1 row)

RESET logical_decoding_work_mem;
-- reset the slot stats
SELECT pg_stat_reset_replication_slot('regression_slot_stats');
 pg_stat_reset_replication_slot 
--------------------------------
 
(1 row)

SELECT slot_name, spill_txns, spill_count, total_txns, total_bytes FROM pg_stat_replication_slots;
       slot_name       | spill_txns | spill_count | total_txns | total_bytes 
-----------------------+------------+-------------+------------+-------------
 regression_slot_stats |          0 |           0 |          0 |           0
(1 row)

-- spilling the xact
BEGIN;
INSERT INTO stats_test SELECT 'serialize-topbig--1:'||g.i FROM generate_series(1, 5000) g(i);
COMMIT;
SELECT count(*) FROM pg_logical_slot_peek_changes('regression_slot_stats', NULL, NULL, 'skip-empty-xacts', '1');
 count 
-------
  5002
(1 row)

-- Check stats. We can't test the exact stats count as that can vary if any
-- background transaction (say by autovacuum) happens in parallel to the main
-- transaction.
SELECT pg_stat_force_next_flush();
 pg_stat_force_next_flush 
--------------------------
 
(1 row)

SELECT slot_name, spill_txns > 0 AS spill_txns, spill_count > 0 AS spill_count FROM pg_stat_replication_slots;
       slot_name       | spill_txns | spill_count 
-----------------------+------------+-------------
 regression_slot_stats | t          | t
(1 row)

-- Ensure stats can be repeatedly accessed using the same stats snapshot. See
-- https://postgr.es/m/20210317230447.c7uc4g3vbs4wi32i%40alap3.anarazel.de
BEGIN;
SELECT slot_name FROM pg_stat_replication_slots;
       slot_name       
-----------------------
 regression_slot_stats
(1 row)

SELECT slot_name FROM pg_stat_replication_slots;
       slot_name       
-----------------------
 regression_slot_stats
(1 row)

COMMIT;
DROP TABLE stats_test;
SELECT pg_drop_replication_slot('regression_slot_stats');
 pg_drop_replication_slot 
--------------------------
 
(1 row)

